// Jest Snapshot v1, https://goo.gl/fbAQLP

exports[`<Registration /> Should render and match the snapshot 1`] = `
<div
  class="StyledAuthContainer-tf5ue0-0 cCdhDo"
>
  <div
    class="sideContainer"
  >
    <div
      class="registrationSideContainer"
    >
      <p
        class="title"
      >
        <span>
          Welcome Back!
        </span>
      </p>
      <p
        class="subTitle"
      >
        <span>
          To keep connected with us, please log in with your personal info
        </span>
      </p>
      <a
        href="/login"
      >
        <button
          class="ant-btn"
          type="button"
        >
          <span>
            SIGN IN
          </span>
        </button>
      </a>
    </div>
  </div>
  <div
    class="StyledRegistration-sc-1ltcbgq-0 khlSCs"
  >
    <p
      class="createAccount"
    >
      <span>
        Create Account
      </span>
    </p>
    <div
      class="registrationSubContainer"
    >
      <p
        class="emailRegistration"
      >
        <span>
          or use your email for registration
        </span>
      </p>
      <div
        class="accountData"
      >
        <input
          class="ant-input"
          type="text"
          value="Name"
        />
        <input
          class="ant-input"
          type="text"
          value="Email"
        />
        <input
          class="ant-input"
          type="text"
          value="Password"
        />
      </div>
      <button
        class="ant-btn"
        type="button"
      >
        <span>
          SIGN UP
        </span>
      </button>
    </div>
  </div>
</div>
`;

exports[`<Registration /> Should render and match the snapshot Loadable 1`] = `null`;
