// Jest Snapshot v1, https://goo.gl/fbAQLP

exports[`<Footer /> should render and match the snapshot 1`] = `
<footer
  className="Wrapper-wcfdfo-0 kJFYpj"
>
  <section>
    <span
      dangerouslySetInnerHTML={
        Object {
          "__html": "&copy; 2021 React Boilerplate",
        }
      }
    />
    <section>
      <span
        dangerouslySetInnerHTML={
          Object {
            "__html": "Get started with your react application in minutes.",
          }
        }
      />
    </section>
  </section>
  <section>
    <div
      className="Wrapper-xnjoq9-0 dNmQIR"
    >
      <select
        className="Select-sc-1sm01tk-0 wIjFa"
        onChange={[Function]}
        value="en"
      >
        <option
          value="en"
        >
          en
        </option>
        <option
          value="de"
        >
          de
        </option>
      </select>
    </div>
  </section>
</footer>
`;
