// Jest Snapshot v1, https://goo.gl/fbAQLP

exports[`<TwoFactorAuthentication /> Should render and match the snapshot 1`] = `
.c2 {
  width: 50%;
  display: -webkit-box;
  display: -webkit-flex;
  display: -ms-flexbox;
  display: flex;
  -webkit-flex-wrap: wrap;
  -ms-flex-wrap: wrap;
  flex-wrap: wrap;
  -webkit-box-pack: center;
  -webkit-justify-content: center;
  -ms-flex-pack: center;
  justify-content: center;
  -webkit-align-items: center;
  -webkit-box-align: center;
  -ms-flex-align: center;
  align-items: center;
}

.c2 .otpComponentContainerStyle {
  width: 100%;
}

.c2 .otpComponentInputStyle {
  color: #4d186e;
  border: 1px solid #d9d9d9;
  width: 100% !important;
  height: 40px;
  border-radius: 10px;
}

.c2 .otpComponentFocusStyle {
  border: 1px solid #4d186e;
  outline: none;
  border-radius: 10px;
}

.c2 .otpComponentDisabledStyle {
  background: #f5f5f5;
}

.c2 .otpComponentErrorStyle {
  border: 1px solid #ff0000;
}

.c1 {
  font-family: 'Montserrat',sans-serif;
  display: -webkit-box;
  display: -webkit-flex;
  display: -ms-flexbox;
  display: flex;
  -webkit-flex: 1;
  -ms-flex: 1;
  flex: 1;
  -webkit-flex-wrap: wrap;
  -ms-flex-wrap: wrap;
  flex-wrap: wrap;
  -webkit-flex-direction: column;
  -ms-flex-direction: column;
  flex-direction: column;
  -webkit-box-pack: center;
  -webkit-justify-content: center;
  -ms-flex-pack: center;
  justify-content: center;
  -webkit-align-items: center;
  -webkit-box-align: center;
  -ms-flex-align: center;
  align-items: center;
  height: 100vh;
}

.c1 .twoFactorAuthenticationTitle {
  text-align: center;
  margin: 0;
  font-weight: 700;
  font-size: 42px;
  color: #4d186e;
}

.c0 {
  font-family: 'Montserrat',sans-serif;
  display: -webkit-box;
  display: -webkit-flex;
  display: -ms-flexbox;
  display: flex;
  -webkit-flex-wrap: wrap;
  -ms-flex-wrap: wrap;
  flex-wrap: wrap;
}

.c0 .sideContainer {
  max-width: 513px;
  width: 100%;
  background: #4d186e;
  display: -webkit-box;
  display: -webkit-flex;
  display: -ms-flexbox;
  display: flex;
  -webkit-flex-direction: row;
  -ms-flex-direction: row;
  flex-direction: row;
  -webkit-box-pack: center;
  -webkit-justify-content: center;
  -ms-flex-pack: center;
  justify-content: center;
  -webkit-align-items: center;
  -webkit-box-align: center;
  -ms-flex-align: center;
  align-items: center;
  padding: 32px;
}

.c0 .sideContainer .registrationSideContainer {
  display: -webkit-box;
  display: -webkit-flex;
  display: -ms-flexbox;
  display: flex;
  -webkit-flex-direction: column;
  -ms-flex-direction: column;
  flex-direction: column;
  -webkit-align-items: center;
  -webkit-box-align: center;
  -ms-flex-align: center;
  align-items: center;
  color: #fff;
}

.c0 .sideContainer .registrationSideContainer .title {
  text-align: center;
  font-size: 42px;
  font-weight: 700;
  margin: 0;
}

.c0 .sideContainer .registrationSideContainer .subTitle {
  width: 60%;
  text-align: center;
  margin: 0;
}

.c0 .sideContainer .registrationSideContainer button {
  margin-top: 35px;
  height: 40px;
  width: 160px;
  background: transparent;
  border: 2px solid #fff;
  border-radius: 50px;
  text-align: center;
  color: #fff;
}

.c0 .sideContainer .registrationSideContainer button:hover {
  color: #fff;
}

<div>
  <div
    class="c0"
  >
    <div
      class="sideContainer"
    >
      <div
        class="loginContainer"
      >
        <div
          class="registrationSideContainer"
        >
          <p
            class="title"
          >
            <span>
              New Here!
            </span>
          </p>
          <p
            class="subTitle"
          >
            <span>
              To join us, please sign up with your personal info
            </span>
          </p>
          <a
            href="/register"
          >
            <button
              class="ant-btn"
              type="button"
            >
              <span>
                SIGN UP
              </span>
            </button>
          </a>
        </div>
      </div>
    </div>
    <div
      class="c1"
    >
      <p
        class="twoFactorAuthenticationTitle"
      >
        <span>
          Two Factor Authentication
        </span>
      </p>
      <div
        class="c2"
      >
        <div
          class="otpComponentContainerStyle"
          style="display: flex;"
        >
          <div
            style="display: flex; align-items: center;"
          >
            <input
              aria-label="Please enter verification code. Digit 1"
              autocomplete="off"
              class="otpComponentInputStyle otpComponentFocusStyle"
              maxlength="1"
              placeholder="0"
              style="width: 1em; text-align: center;"
              type="tel"
              value=""
            />
            <span>
              -
            </span>
          </div>
          <div
            style="display: flex; align-items: center;"
          >
            <input
              aria-label="Digit 2"
              autocomplete="off"
              class="otpComponentInputStyle"
              maxlength="1"
              placeholder="0"
              style="width: 1em; text-align: center;"
              type="tel"
              value=""
            />
            <span>
              -
            </span>
          </div>
          <div
            style="display: flex; align-items: center;"
          >
            <input
              aria-label="Digit 3"
              autocomplete="off"
              class="otpComponentInputStyle"
              maxlength="1"
              placeholder="0"
              style="width: 1em; text-align: center;"
              type="tel"
              value=""
            />
            <span>
              -
            </span>
          </div>
          <div
            style="display: flex; align-items: center;"
          >
            <input
              aria-label="Digit 4"
              autocomplete="off"
              class="otpComponentInputStyle"
              maxlength="1"
              placeholder="0"
              style="width: 1em; text-align: center;"
              type="tel"
              value=""
            />
            <span>
              -
            </span>
          </div>
          <div
            style="display: flex; align-items: center;"
          >
            <input
              aria-label="Digit 5"
              autocomplete="off"
              class="otpComponentInputStyle"
              maxlength="1"
              placeholder="0"
              style="width: 1em; text-align: center;"
              type="tel"
              value=""
            />
            <span>
              -
            </span>
          </div>
          <div
            style="display: flex; align-items: center;"
          >
            <input
              aria-label="Digit 6"
              autocomplete="off"
              class="otpComponentInputStyle"
              maxlength="1"
              placeholder="0"
              style="width: 1em; text-align: center;"
              type="tel"
              value=""
            />
          </div>
        </div>
      </div>
    </div>
  </div>
</div>
`;

exports[`<TwoFactorAuthentication /> Should render and match the snapshot Loadable 1`] = `null`;
