// Jest Snapshot v1, https://goo.gl/fbAQLP

exports[`<ResetPassword /> should match snapshot 1`] = `
.c1 {
  display: -webkit-box;
  display: -webkit-flex;
  display: -ms-flexbox;
  display: flex;
  -webkit-flex-direction: column;
  -ms-flex-direction: column;
  flex-direction: column;
  -webkit-box-pack: center;
  -webkit-justify-content: center;
  -ms-flex-pack: center;
  justify-content: center;
  -webkit-align-items: center;
  -webkit-box-align: center;
  -ms-flex-align: center;
  align-items: center;
}

.c1 .container {
  display: -webkit-box;
  display: -webkit-flex;
  display: -ms-flexbox;
  display: flex;
  -webkit-flex-direction: column;
  -ms-flex-direction: column;
  flex-direction: column;
  -webkit-align-items: center;
  -webkit-box-align: center;
  -ms-flex-align: center;
  align-items: center;
}

.c1 .title-main {
  font-weight: 700;
  font-size: 32px;
  color: #4d186e;
}

.c1 .question-form {
  max-width: 460px;
}

.c0 {
  font-family: 'Montserrat',sans-serif;
  display: -webkit-box;
  display: -webkit-flex;
  display: -ms-flexbox;
  display: flex;
  -webkit-flex-wrap: wrap;
  -ms-flex-wrap: wrap;
  flex-wrap: wrap;
  height: 100vh;
}

.c0 .header {
  display: -webkit-box;
  display: -webkit-flex;
  display: -ms-flexbox;
  display: flex;
  position: relative;
  -webkit-flex-wrap: wrap;
  -ms-flex-wrap: wrap;
  flex-wrap: wrap;
  -webkit-flex: 1;
  -ms-flex: 1;
  flex: 1;
  -webkit-box-pack: center;
  -webkit-justify-content: center;
  -ms-flex-pack: center;
  justify-content: center;
  -webkit-align-items: center;
  -webkit-box-align: center;
  -ms-flex-align: center;
  align-items: center;
  -webkit-flex-direction: column;
  -ms-flex-direction: column;
  flex-direction: column;
  height: 100vh;
}

.c0 .link-reset {
  display: -webkit-box;
  display: -webkit-flex;
  display: -ms-flexbox;
  display: flex;
  -webkit-flex-direction: column;
  -ms-flex-direction: column;
  flex-direction: column;
  -webkit-box-pack: center;
  -webkit-justify-content: center;
  -ms-flex-pack: center;
  justify-content: center;
  -webkit-align-items: center;
  -webkit-box-align: center;
  -ms-flex-align: center;
  align-items: center;
}

.c0 .link-security {
  -webkit-box-pack: center;
  -webkit-justify-content: center;
  -ms-flex-pack: center;
  justify-content: center;
  -webkit-align-items: center;
  -webkit-box-align: center;
  -ms-flex-align: center;
  align-items: center;
  display: inline-block;
  display: -webkit-box;
  display: -webkit-flex;
  display: -ms-flexbox;
  display: flex;
}

.c0 .registrationSideContainer {
  display: -webkit-box;
  display: -webkit-flex;
  display: -ms-flexbox;
  display: flex;
  -webkit-flex-direction: column;
  -ms-flex-direction: column;
  flex-direction: column;
  -webkit-align-items: center;
  -webkit-box-align: center;
  -ms-flex-align: center;
  align-items: center;
  color: #fff;
}

.c0 .registrationSideContainer .title {
  text-align: center;
  font-size: 42px;
  font-weight: 700;
  margin: 0;
}

.c0 .registrationSideContainer .subTitle {
  width: 60%;
  text-align: center;
  margin: 0;
}

.c0 .registrationSideContainer button {
  margin-top: 35px;
  height: 40px;
  width: 160px;
  background: transparent;
  border: 2px solid #fff;
  border-radius: 50px;
  text-align: center;
  color: #fff;
}

.c0 .registrationSideContainer button:hover {
  color: #fff;
}

.c0 .main {
  display: -webkit-box;
  display: -webkit-flex;
  display: -ms-flexbox;
  display: flex;
  -webkit-flex: 0.7;
  -ms-flex: 0.7;
  flex: 0.7;
  -webkit-box-pack: center;
  -webkit-justify-content: center;
  -ms-flex-pack: center;
  justify-content: center;
  -webkit-align-items: center;
  -webkit-box-align: center;
  -ms-flex-align: center;
  align-items: center;
  -webkit-flex-direction: column;
  -ms-flex-direction: column;
  flex-direction: column;
}

.c0 .resetPassword {
  font-weight: 700;
  font-size: 42px;
  color: #4d186e;
  margin: unset;
}

.c0 .sideContainer {
  background: #4d186e;
  display: -webkit-box;
  display: -webkit-flex;
  display: -ms-flexbox;
  display: flex;
  -webkit-flex: 0.3;
  -ms-flex: 0.3;
  flex: 0.3;
  -webkit-flex-direction: row;
  -ms-flex-direction: row;
  flex-direction: row;
  -webkit-box-pack: center;
  -webkit-justify-content: center;
  -ms-flex-pack: center;
  justify-content: center;
  -webkit-align-items: center;
  -webkit-box-align: center;
  -ms-flex-align: center;
  align-items: center;
}

.c0 .security-main {
  display: -webkit-box;
  display: -webkit-flex;
  display: -ms-flexbox;
  display: flex;
  -webkit-flex: 0.7;
  -ms-flex: 0.7;
  flex: 0.7;
  -webkit-box-pack: center;
  -webkit-justify-content: center;
  -ms-flex-pack: center;
  justify-content: center;
  -webkit-align-items: center;
  -webkit-box-align: center;
  -ms-flex-align: center;
  align-items: center;
  -webkit-flex-direction: column;
  -ms-flex-direction: column;
  flex-direction: column;
}

.c0 .security-main .title {
  font-weight: 700;
  font-size: 32px;
  color: #4d186e;
}

.c0 .title-reset {
  font-weight: 700;
  font-size: 32px;
  color: #4d186e;
}

<div
  class="c0"
>
  <div
    class="sideContainer"
  >
    <div
      class="loginContainer"
    >
      <div
        class="registrationSideContainer"
      >
        <p
          class="title"
        >
          <span>
            New Here!
          </span>
        </p>
        <p
          class="subTitle"
        >
          <span>
            To join us, please sign up with your personal info
          </span>
        </p>
        <a
          href="/register"
        >
          <button
            class="ant-btn"
            type="button"
          >
            <span>
              SIGN UP
            </span>
          </button>
        </a>
      </div>
    </div>
  </div>
  <div
    class="security-main"
  >
    <p
      class="title-reset"
    >
      Please Verify your Security question
    </p>
    <div
      class="c1"
    >
      <button
        class="ant-btn ant-btn-primary"
        data-testid="submit_question"
        disabled=""
        type="button"
      >
        <span>
          Submit
        </span>
      </button>
    </div>
  </div>
</div>
`;

exports[`should match snapshot 1`] = `
.c1 {
  width: 100%;
}

.c1 .input-select {
  width: 100%;
}

.c1 .answer {
  margin: 1rem 0px;
}

.c0 {
  display: -webkit-box;
  display: -webkit-flex;
  display: -ms-flexbox;
  display: flex;
  -webkit-flex-direction: column;
  -ms-flex-direction: column;
  flex-direction: column;
  -webkit-box-pack: center;
  -webkit-justify-content: center;
  -ms-flex-pack: center;
  justify-content: center;
  -webkit-align-items: center;
  -webkit-box-align: center;
  -ms-flex-align: center;
  align-items: center;
}

.c0 .container {
  display: -webkit-box;
  display: -webkit-flex;
  display: -ms-flexbox;
  display: flex;
  -webkit-flex-direction: column;
  -ms-flex-direction: column;
  flex-direction: column;
  -webkit-align-items: center;
  -webkit-box-align: center;
  -ms-flex-align: center;
  align-items: center;
}

.c0 .title-main {
  font-weight: 700;
  font-size: 32px;
  color: #4d186e;
}

.c0 .question-form {
  max-width: 460px;
}

<div
  class="c0"
>
  <div
    class="container"
  >
    <p
      class="title-main"
    >
      Set Security Question
    </p>
    <div
      class="question-form"
    >
      <div
        class="c0"
      >
        <div
          class="c1"
        >
          <div
            class="ant-select input-select ant-select-single ant-select-show-arrow"
            data-testid="question1"
            name="question1"
          >
            <div
              class="ant-select-selector"
            >
              <span
                class="ant-select-selection-search"
              >
                <input
                  aria-activedescendant="rc_select_TEST_OR_SSR_list_0"
                  aria-autocomplete="list"
                  aria-controls="rc_select_TEST_OR_SSR_list"
                  aria-haspopup="listbox"
                  aria-owns="rc_select_TEST_OR_SSR_list"
                  autocomplete="off"
                  class="ant-select-selection-search-input"
                  id="rc_select_TEST_OR_SSR"
                  readonly=""
                  role="combobox"
                  style="opacity: 0;"
                  type="search"
                  unselectable="on"
                  value=""
                />
              </span>
              <span
                class="ant-select-selection-item"
                title="-- Choose a Security Question --"
              >
                -- Choose a Security Question --
              </span>
            </div>
            <span
              aria-hidden="true"
              class="ant-select-arrow"
              style="user-select: none;"
              unselectable="on"
            >
              <span
                aria-label="down"
                class="anticon anticon-down ant-select-suffix"
                role="img"
              >
                <svg
                  aria-hidden="true"
                  data-icon="down"
                  fill="currentColor"
                  focusable="false"
                  height="1em"
                  viewBox="64 64 896 896"
                  width="1em"
                >
                  <path
                    d="M884 256h-75c-5.1 0-9.9 2.5-12.9 6.6L512 654.2 227.9 262.6c-3-4.1-7.8-6.6-12.9-6.6h-75c-6.5 0-10.3 7.4-6.5 12.7l352.6 486.1c12.8 17.6 39 17.6 51.7 0l352.6-486.1c3.9-5.3.1-12.7-6.4-12.7z"
                  />
                </svg>
              </span>
            </span>
          </div>
          <input
            class="ant-input answer"
            data-testid="answer1"
            name="answer1"
            placeholder="Answer"
            type="text"
            value=""
          />
        </div>
        <div
          class="c1"
        >
          <div
            class="ant-select input-select ant-select-single ant-select-show-arrow"
            data-testid="question2"
            name="question2"
          >
            <div
              class="ant-select-selector"
            >
              <span
                class="ant-select-selection-search"
              >
                <input
                  aria-activedescendant="rc_select_TEST_OR_SSR_list_0"
                  aria-autocomplete="list"
                  aria-controls="rc_select_TEST_OR_SSR_list"
                  aria-haspopup="listbox"
                  aria-owns="rc_select_TEST_OR_SSR_list"
                  autocomplete="off"
                  class="ant-select-selection-search-input"
                  id="rc_select_TEST_OR_SSR"
                  readonly=""
                  role="combobox"
                  style="opacity: 0;"
                  type="search"
                  unselectable="on"
                  value=""
                />
              </span>
              <span
                class="ant-select-selection-item"
                title="-- Choose a Security Question --"
              >
                -- Choose a Security Question --
              </span>
            </div>
            <span
              aria-hidden="true"
              class="ant-select-arrow"
              style="user-select: none;"
              unselectable="on"
            >
              <span
                aria-label="down"
                class="anticon anticon-down ant-select-suffix"
                role="img"
              >
                <svg
                  aria-hidden="true"
                  data-icon="down"
                  fill="currentColor"
                  focusable="false"
                  height="1em"
                  viewBox="64 64 896 896"
                  width="1em"
                >
                  <path
                    d="M884 256h-75c-5.1 0-9.9 2.5-12.9 6.6L512 654.2 227.9 262.6c-3-4.1-7.8-6.6-12.9-6.6h-75c-6.5 0-10.3 7.4-6.5 12.7l352.6 486.1c12.8 17.6 39 17.6 51.7 0l352.6-486.1c3.9-5.3.1-12.7-6.4-12.7z"
                  />
                </svg>
              </span>
            </span>
          </div>
          <input
            class="ant-input answer"
            data-testid="answer2"
            name="answer2"
            placeholder="Answer"
            type="text"
            value=""
          />
        </div>
        <div
          class="c1"
        >
          <div
            class="ant-select input-select ant-select-single ant-select-show-arrow"
            data-testid="question3"
            name="question3"
          >
            <div
              class="ant-select-selector"
            >
              <span
                class="ant-select-selection-search"
              >
                <input
                  aria-activedescendant="rc_select_TEST_OR_SSR_list_0"
                  aria-autocomplete="list"
                  aria-controls="rc_select_TEST_OR_SSR_list"
                  aria-haspopup="listbox"
                  aria-owns="rc_select_TEST_OR_SSR_list"
                  autocomplete="off"
                  class="ant-select-selection-search-input"
                  id="rc_select_TEST_OR_SSR"
                  readonly=""
                  role="combobox"
                  style="opacity: 0;"
                  type="search"
                  unselectable="on"
                  value=""
                />
              </span>
              <span
                class="ant-select-selection-item"
                title="-- Choose a Security Question --"
              >
                -- Choose a Security Question --
              </span>
            </div>
            <span
              aria-hidden="true"
              class="ant-select-arrow"
              style="user-select: none;"
              unselectable="on"
            >
              <span
                aria-label="down"
                class="anticon anticon-down ant-select-suffix"
                role="img"
              >
                <svg
                  aria-hidden="true"
                  data-icon="down"
                  fill="currentColor"
                  focusable="false"
                  height="1em"
                  viewBox="64 64 896 896"
                  width="1em"
                >
                  <path
                    d="M884 256h-75c-5.1 0-9.9 2.5-12.9 6.6L512 654.2 227.9 262.6c-3-4.1-7.8-6.6-12.9-6.6h-75c-6.5 0-10.3 7.4-6.5 12.7l352.6 486.1c12.8 17.6 39 17.6 51.7 0l352.6-486.1c3.9-5.3.1-12.7-6.4-12.7z"
                  />
                </svg>
              </span>
            </span>
          </div>
          <input
            class="ant-input answer"
            data-testid="answer3"
            name="answer3"
            placeholder="Answer"
            type="text"
            value=""
          />
        </div>
        <button
          class="ant-btn ant-btn-primary"
          data-testid="submit_question"
          disabled=""
          type="button"
        >
          <span>
            Submit
          </span>
        </button>
      </div>
    </div>
  </div>
</div>
`;

exports[`should render an <StyledSecurityQuestion> tag 1`] = `"DIV"`;

exports[`should render and match the snapshot 1`] = `
.c1 {
  width: 100%;
}

.c1 .input-select {
  width: 100%;
}

.c1 .answer {
  margin: 1rem 0px;
}

.c0 {
  display: -webkit-box;
  display: -webkit-flex;
  display: -ms-flexbox;
  display: flex;
  -webkit-flex-direction: column;
  -ms-flex-direction: column;
  flex-direction: column;
  -webkit-box-pack: center;
  -webkit-justify-content: center;
  -ms-flex-pack: center;
  justify-content: center;
  -webkit-align-items: center;
  -webkit-box-align: center;
  -ms-flex-align: center;
  align-items: center;
}

.c0 .container {
  display: -webkit-box;
  display: -webkit-flex;
  display: -ms-flexbox;
  display: flex;
  -webkit-flex-direction: column;
  -ms-flex-direction: column;
  flex-direction: column;
  -webkit-align-items: center;
  -webkit-box-align: center;
  -ms-flex-align: center;
  align-items: center;
}

.c0 .title-main {
  font-weight: 700;
  font-size: 32px;
  color: #4d186e;
}

.c0 .question-form {
  max-width: 460px;
}

<div
  class="c0"
>
  <div
    class="container"
  >
    <p
      class="title-main"
    >
      Set Security Question
    </p>
    <div
      class="question-form"
    >
      <div
        class="c0"
      >
        <div
          class="c1"
        >
          <div
            class="ant-select input-select ant-select-single ant-select-show-arrow"
            data-testid="question1"
            name="question1"
          >
            <div
              class="ant-select-selector"
            >
              <span
                class="ant-select-selection-search"
              >
                <input
                  aria-activedescendant="rc_select_TEST_OR_SSR_list_0"
                  aria-autocomplete="list"
                  aria-controls="rc_select_TEST_OR_SSR_list"
                  aria-haspopup="listbox"
                  aria-owns="rc_select_TEST_OR_SSR_list"
                  autocomplete="off"
                  class="ant-select-selection-search-input"
                  id="rc_select_TEST_OR_SSR"
                  readonly=""
                  role="combobox"
                  style="opacity: 0;"
                  type="search"
                  unselectable="on"
                  value=""
                />
              </span>
              <span
                class="ant-select-selection-item"
                title="-- Choose a Security Question --"
              >
                -- Choose a Security Question --
              </span>
            </div>
            <span
              aria-hidden="true"
              class="ant-select-arrow"
              style="user-select: none;"
              unselectable="on"
            >
              <span
                aria-label="down"
                class="anticon anticon-down ant-select-suffix"
                role="img"
              >
                <svg
                  aria-hidden="true"
                  data-icon="down"
                  fill="currentColor"
                  focusable="false"
                  height="1em"
                  viewBox="64 64 896 896"
                  width="1em"
                >
                  <path
                    d="M884 256h-75c-5.1 0-9.9 2.5-12.9 6.6L512 654.2 227.9 262.6c-3-4.1-7.8-6.6-12.9-6.6h-75c-6.5 0-10.3 7.4-6.5 12.7l352.6 486.1c12.8 17.6 39 17.6 51.7 0l352.6-486.1c3.9-5.3.1-12.7-6.4-12.7z"
                  />
                </svg>
              </span>
            </span>
          </div>
          <input
            class="ant-input answer"
            data-testid="answer1"
            name="answer1"
            placeholder="Answer"
            type="text"
            value=""
          />
        </div>
        <div
          class="c1"
        >
          <div
            class="ant-select input-select ant-select-single ant-select-show-arrow"
            data-testid="question2"
            name="question2"
          >
            <div
              class="ant-select-selector"
            >
              <span
                class="ant-select-selection-search"
              >
                <input
                  aria-activedescendant="rc_select_TEST_OR_SSR_list_0"
                  aria-autocomplete="list"
                  aria-controls="rc_select_TEST_OR_SSR_list"
                  aria-haspopup="listbox"
                  aria-owns="rc_select_TEST_OR_SSR_list"
                  autocomplete="off"
                  class="ant-select-selection-search-input"
                  id="rc_select_TEST_OR_SSR"
                  readonly=""
                  role="combobox"
                  style="opacity: 0;"
                  type="search"
                  unselectable="on"
                  value=""
                />
              </span>
              <span
                class="ant-select-selection-item"
                title="-- Choose a Security Question --"
              >
                -- Choose a Security Question --
              </span>
            </div>
            <span
              aria-hidden="true"
              class="ant-select-arrow"
              style="user-select: none;"
              unselectable="on"
            >
              <span
                aria-label="down"
                class="anticon anticon-down ant-select-suffix"
                role="img"
              >
                <svg
                  aria-hidden="true"
                  data-icon="down"
                  fill="currentColor"
                  focusable="false"
                  height="1em"
                  viewBox="64 64 896 896"
                  width="1em"
                >
                  <path
                    d="M884 256h-75c-5.1 0-9.9 2.5-12.9 6.6L512 654.2 227.9 262.6c-3-4.1-7.8-6.6-12.9-6.6h-75c-6.5 0-10.3 7.4-6.5 12.7l352.6 486.1c12.8 17.6 39 17.6 51.7 0l352.6-486.1c3.9-5.3.1-12.7-6.4-12.7z"
                  />
                </svg>
              </span>
            </span>
          </div>
          <input
            class="ant-input answer"
            data-testid="answer2"
            name="answer2"
            placeholder="Answer"
            type="text"
            value=""
          />
        </div>
        <div
          class="c1"
        >
          <div
            class="ant-select input-select ant-select-single ant-select-show-arrow"
            data-testid="question3"
            name="question3"
          >
            <div
              class="ant-select-selector"
            >
              <span
                class="ant-select-selection-search"
              >
                <input
                  aria-activedescendant="rc_select_TEST_OR_SSR_list_0"
                  aria-autocomplete="list"
                  aria-controls="rc_select_TEST_OR_SSR_list"
                  aria-haspopup="listbox"
                  aria-owns="rc_select_TEST_OR_SSR_list"
                  autocomplete="off"
                  class="ant-select-selection-search-input"
                  id="rc_select_TEST_OR_SSR"
                  readonly=""
                  role="combobox"
                  style="opacity: 0;"
                  type="search"
                  unselectable="on"
                  value=""
                />
              </span>
              <span
                class="ant-select-selection-item"
                title="-- Choose a Security Question --"
              >
                -- Choose a Security Question --
              </span>
            </div>
            <span
              aria-hidden="true"
              class="ant-select-arrow"
              style="user-select: none;"
              unselectable="on"
            >
              <span
                aria-label="down"
                class="anticon anticon-down ant-select-suffix"
                role="img"
              >
                <svg
                  aria-hidden="true"
                  data-icon="down"
                  fill="currentColor"
                  focusable="false"
                  height="1em"
                  viewBox="64 64 896 896"
                  width="1em"
                >
                  <path
                    d="M884 256h-75c-5.1 0-9.9 2.5-12.9 6.6L512 654.2 227.9 262.6c-3-4.1-7.8-6.6-12.9-6.6h-75c-6.5 0-10.3 7.4-6.5 12.7l352.6 486.1c12.8 17.6 39 17.6 51.7 0l352.6-486.1c3.9-5.3.1-12.7-6.4-12.7z"
                  />
                </svg>
              </span>
            </span>
          </div>
          <input
            class="ant-input answer"
            data-testid="answer3"
            name="answer3"
            placeholder="Answer"
            type="text"
            value=""
          />
        </div>
        <button
          class="ant-btn ant-btn-primary"
          data-testid="submit_question"
          disabled=""
          type="button"
        >
          <span>
            Submit
          </span>
        </button>
      </div>
    </div>
  </div>
</div>
`;

exports[`should render and match the snapshot 2`] = `
.c1 {
  width: 100%;
}

.c1 .input-select {
  width: 100%;
}

.c1 .answer {
  margin: 1rem 0px;
}

.c0 {
  display: -webkit-box;
  display: -webkit-flex;
  display: -ms-flexbox;
  display: flex;
  -webkit-flex-direction: column;
  -ms-flex-direction: column;
  flex-direction: column;
  -webkit-box-pack: center;
  -webkit-justify-content: center;
  -ms-flex-pack: center;
  justify-content: center;
  -webkit-align-items: center;
  -webkit-box-align: center;
  -ms-flex-align: center;
  align-items: center;
}

.c0 .container {
  display: -webkit-box;
  display: -webkit-flex;
  display: -ms-flexbox;
  display: flex;
  -webkit-flex-direction: column;
  -ms-flex-direction: column;
  flex-direction: column;
  -webkit-align-items: center;
  -webkit-box-align: center;
  -ms-flex-align: center;
  align-items: center;
}

.c0 .title-main {
  font-weight: 700;
  font-size: 32px;
  color: #4d186e;
}

.c0 .question-form {
  max-width: 460px;
}

<div
  class="c0"
>
  <div
    class="container"
  >
    <p
      class="title-main"
    >
      Set Security Question
    </p>
    <div
      class="question-form"
    >
      <div
        class="c0"
      >
        <div
          class="c1"
        >
          <div
            class="ant-select input-select ant-select-single ant-select-show-arrow"
            data-testid="question1"
            name="question1"
          >
            <div
              class="ant-select-selector"
            >
              <span
                class="ant-select-selection-search"
              >
                <input
                  aria-activedescendant="rc_select_TEST_OR_SSR_list_0"
                  aria-autocomplete="list"
                  aria-controls="rc_select_TEST_OR_SSR_list"
                  aria-haspopup="listbox"
                  aria-owns="rc_select_TEST_OR_SSR_list"
                  autocomplete="off"
                  class="ant-select-selection-search-input"
                  id="rc_select_TEST_OR_SSR"
                  readonly=""
                  role="combobox"
                  style="opacity: 0;"
                  type="search"
                  unselectable="on"
                  value=""
                />
              </span>
              <span
                class="ant-select-selection-item"
                title="-- Choose a Security Question --"
              >
                -- Choose a Security Question --
              </span>
            </div>
            <span
              aria-hidden="true"
              class="ant-select-arrow"
              style="user-select: none;"
              unselectable="on"
            >
              <span
                aria-label="down"
                class="anticon anticon-down ant-select-suffix"
                role="img"
              >
                <svg
                  aria-hidden="true"
                  data-icon="down"
                  fill="currentColor"
                  focusable="false"
                  height="1em"
                  viewBox="64 64 896 896"
                  width="1em"
                >
                  <path
                    d="M884 256h-75c-5.1 0-9.9 2.5-12.9 6.6L512 654.2 227.9 262.6c-3-4.1-7.8-6.6-12.9-6.6h-75c-6.5 0-10.3 7.4-6.5 12.7l352.6 486.1c12.8 17.6 39 17.6 51.7 0l352.6-486.1c3.9-5.3.1-12.7-6.4-12.7z"
                  />
                </svg>
              </span>
            </span>
          </div>
          <input
            class="ant-input answer"
            data-testid="answer1"
            name="answer1"
            placeholder="Answer"
            type="text"
            value=""
          />
        </div>
        <div
          class="c1"
        >
          <div
            class="ant-select input-select ant-select-single ant-select-show-arrow"
            data-testid="question2"
            name="question2"
          >
            <div
              class="ant-select-selector"
            >
              <span
                class="ant-select-selection-search"
              >
                <input
                  aria-activedescendant="rc_select_TEST_OR_SSR_list_0"
                  aria-autocomplete="list"
                  aria-controls="rc_select_TEST_OR_SSR_list"
                  aria-haspopup="listbox"
                  aria-owns="rc_select_TEST_OR_SSR_list"
                  autocomplete="off"
                  class="ant-select-selection-search-input"
                  id="rc_select_TEST_OR_SSR"
                  readonly=""
                  role="combobox"
                  style="opacity: 0;"
                  type="search"
                  unselectable="on"
                  value=""
                />
              </span>
              <span
                class="ant-select-selection-item"
                title="-- Choose a Security Question --"
              >
                -- Choose a Security Question --
              </span>
            </div>
            <span
              aria-hidden="true"
              class="ant-select-arrow"
              style="user-select: none;"
              unselectable="on"
            >
              <span
                aria-label="down"
                class="anticon anticon-down ant-select-suffix"
                role="img"
              >
                <svg
                  aria-hidden="true"
                  data-icon="down"
                  fill="currentColor"
                  focusable="false"
                  height="1em"
                  viewBox="64 64 896 896"
                  width="1em"
                >
                  <path
                    d="M884 256h-75c-5.1 0-9.9 2.5-12.9 6.6L512 654.2 227.9 262.6c-3-4.1-7.8-6.6-12.9-6.6h-75c-6.5 0-10.3 7.4-6.5 12.7l352.6 486.1c12.8 17.6 39 17.6 51.7 0l352.6-486.1c3.9-5.3.1-12.7-6.4-12.7z"
                  />
                </svg>
              </span>
            </span>
          </div>
          <input
            class="ant-input answer"
            data-testid="answer2"
            name="answer2"
            placeholder="Answer"
            type="text"
            value=""
          />
        </div>
        <div
          class="c1"
        >
          <div
            class="ant-select input-select ant-select-single ant-select-show-arrow"
            data-testid="question3"
            name="question3"
          >
            <div
              class="ant-select-selector"
            >
              <span
                class="ant-select-selection-search"
              >
                <input
                  aria-activedescendant="rc_select_TEST_OR_SSR_list_0"
                  aria-autocomplete="list"
                  aria-controls="rc_select_TEST_OR_SSR_list"
                  aria-haspopup="listbox"
                  aria-owns="rc_select_TEST_OR_SSR_list"
                  autocomplete="off"
                  class="ant-select-selection-search-input"
                  id="rc_select_TEST_OR_SSR"
                  readonly=""
                  role="combobox"
                  style="opacity: 0;"
                  type="search"
                  unselectable="on"
                  value=""
                />
              </span>
              <span
                class="ant-select-selection-item"
                title="-- Choose a Security Question --"
              >
                -- Choose a Security Question --
              </span>
            </div>
            <span
              aria-hidden="true"
              class="ant-select-arrow"
              style="user-select: none;"
              unselectable="on"
            >
              <span
                aria-label="down"
                class="anticon anticon-down ant-select-suffix"
                role="img"
              >
                <svg
                  aria-hidden="true"
                  data-icon="down"
                  fill="currentColor"
                  focusable="false"
                  height="1em"
                  viewBox="64 64 896 896"
                  width="1em"
                >
                  <path
                    d="M884 256h-75c-5.1 0-9.9 2.5-12.9 6.6L512 654.2 227.9 262.6c-3-4.1-7.8-6.6-12.9-6.6h-75c-6.5 0-10.3 7.4-6.5 12.7l352.6 486.1c12.8 17.6 39 17.6 51.7 0l352.6-486.1c3.9-5.3.1-12.7-6.4-12.7z"
                  />
                </svg>
              </span>
            </span>
          </div>
          <input
            class="ant-input answer"
            data-testid="answer3"
            name="answer3"
            placeholder="Answer"
            type="text"
            value=""
          />
        </div>
        <button
          class="ant-btn ant-btn-primary"
          data-testid="submit_question"
          disabled=""
          type="button"
        >
          <span>
            Submit
          </span>
        </button>
      </div>
    </div>
  </div>
</div>
`;
