// Jest Snapshot v1, https://goo.gl/fbAQLP

exports[`SampleComponent should render 1`] = `
<div
  className="StyledResetPasswordMain__StyledResetPassword-a4cy1o-0 hDzXcA"
>
  <div
    className="sideContainer"
  >
    <div
      className="loginContainer"
    >
      <div
        className="registrationSideContainer"
      >
        <p
          className="title"
        >
          <span>
            New Here!
          </span>
        </p>
        <p
          className="subTitle"
        >
          <span>
            To join us, please sign up with your personal info
          </span>
        </p>
        <a
          href="/register"
          onClick={[Function]}
        >
          <button
            className="ant-btn"
            onClick={[Function]}
            type="button"
          >
            <span>
              SIGN UP
            </span>
          </button>
        </a>
      </div>
    </div>
  </div>
  <div
    className="main"
  >
    <div>
      <p
        className="resetPassword"
      >
        Reset Password
      </p>
      <div
        className=""
      >
        <a
          className="link-reset"
          href="/forgot-password"
          onClick={[Function]}
        >
          Reset Via Link
        </a>
        <a
          className="link-security"
          href="/reset-password-security"
          onClick={[Function]}
        >
          Reset Via Security Question
        </a>
      </div>
    </div>
  </div>
</div>
`;
